2026-09-01T10:11:01Z INF Thank you for trying Cloudflare Tunnel. Doing so, without a Cloudflare account, is a quick way to experiment and try it out. However, be aware that these account-less Tunnels have no uptime guarantee, are subject to the Cloudflare Online Services Terms of Use (https://www.cloudflare.com/website-terms/), and Cloudflare reserves the right to investigate your use of Tunnels for violations of such terms. If you intend to use Tunnels in production you should use a pre-created named tunnel by following: https://developers.cloudflare.com/cloudflare-one/connections/connect-apps
2026-09-01T10:11:01Z INF Requesting new quick Tunnel on trycloudflare.com...
2026-09-01T10:11:06Z INF +--------------------------------------------------------------------------------------------+
2026-09-01T10:11:06Z INF |  Your quick Tunnel has been created! Visit it at (it may take some time to be reachable):  |
2026-09-01T10:11:06Z INF |  https://keyboard-kind-shades-distribute.trycloudflare.com                                 |
2026-09-01T10:11:06Z INF +--------------------------------------------------------------------------------------------+
2026-09-01T10:11:06Z INF Cannot determine default configuration path. No file [config.yml config.yaml] in [~/.cloudflared ~/.cloudflare-warp ~/cloudflare-warp]
2026-09-01T10:11:06Z INF Version 2026.8.3 (Checksum 83e726ed18ea78c5ad5213c4c3a3a27051393950d2bc8ed4de69bec12d14eaae)
2026-09-01T10:11:06Z INF GOOS: windows, GOVersion: go1.26.4, GoArch: amd64
2026-09-01T10:11:06Z INF Settings: map[ha-connections:1 no-autoupdate:true protocol:quic url:http://127.0.0.1:8007]
2026-09-01T10:11:06Z INF cloudflared will not automatically update on Windows systems.
2026-09-01T10:11:06Z INF Generated Connector ID: 53449f0a-cccf-489f-91fb-cf7faf0642ba
2026-09-01T10:11:06Z INF Initial protocol quic
2026-09-01T10:11:06Z INF ICMP proxy will use 192.168.18.13 as source for IPv4
2026-09-01T10:11:06Z INF ICMP proxy will use fe80::107d:cd3e:22a0:e8e1 in zone Wi-Fi 2 as source for IPv6
2026-09-01T10:11:06Z INF cloudflared does not support loading the system root certificate pool on Windows. Please use --origin-ca-pool <PATH> to specify the path to the certificate pool
2026-09-01T10:11:06Z INF ICMP proxy will use 192.168.18.13 as source for IPv4
2026-09-01T10:11:06Z INF Tunnel connection curve preferences: [X25519MLKEM768 CurveID(65074) CurveP256] connIndex=0 event=0 ip=198.41.200.233
2026-09-01T10:11:06Z INF ICMP proxy will use fe80::107d:cd3e:22a0:e8e1 in zone Wi-Fi 2 as source for IPv6
2026-09-01T10:11:06Z INF Starting metrics server on 127.0.0.1:20242/metrics
2026-09-01T10:11:07Z INF +-------------------------------------------------------------------------------------+
2026-09-01T10:11:07Z INF |                               CONNECTIVITY PRE-CHECKS                               |
2026-09-01T10:11:07Z INF +-------------------------------------------------------------------------------------+
2026-09-01T10:11:07Z INF |  COMPONENT         TARGET                     STATUS  DETAILS                       |
2026-09-01T10:11:07Z INF |  DNS Resolution    region1.v2.argotunnel.com  PASS    DNS Resolved successfully     |
2026-09-01T10:11:07Z INF |  DNS Resolution    region2.v2.argotunnel.com  PASS    DNS Resolved successfully     |
2026-09-01T10:11:07Z INF |  UDP Connectivity  region1.v2.argotunnel.com  PASS    QUIC connection successful    |
2026-09-01T10:11:07Z INF |  UDP Connectivity  region2.v2.argotunnel.com  PASS    QUIC connection successful    |
2026-09-01T10:11:07Z INF |  TCP Connectivity  region1.v2.argotunnel.com  PASS    HTTP/2 connection successful  |
2026-09-01T10:11:07Z INF |  TCP Connectivity  region2.v2.argotunnel.com  PASS    HTTP/2 connection successful  |
2026-09-01T10:11:07Z INF |  Cloudflare API    api.cloudflare.com:443     PASS    API is reachable              |
2026-09-01T10:11:07Z INF |                                                                                     |
2026-09-01T10:11:07Z INF |  SUMMARY: Environment is healthy. cloudflared will use 'quic' as primary protocol.  |
2026-09-01T10:11:07Z INF +-------------------------------------------------------------------------------------+
2026-09-01T10:11:07Z INF precheck component="DNS Resolution" details="DNS Resolved successfully" run_id=a3fab651-e786-4a2b-873e-5d3b5493f97a status=pass target=region1.v2.argotunnel.com
2026-09-01T10:11:07Z INF precheck component="DNS Resolution" details="DNS Resolved successfully" run_id=a3fab651-e786-4a2b-873e-5d3b5493f97a status=pass target=region2.v2.argotunnel.com
2026-09-01T10:11:07Z INF precheck component="UDP Connectivity" details="QUIC connection successful" run_id=a3fab651-e786-4a2b-873e-5d3b5493f97a status=pass target=region1.v2.argotunnel.com
2026-09-01T10:11:07Z INF precheck component="UDP Connectivity" details="QUIC connection successful" run_id=a3fab651-e786-4a2b-873e-5d3b5493f97a status=pass target=region2.v2.argotunnel.com
2026-09-01T10:11:07Z INF precheck component="TCP Connectivity" details="HTTP/2 connection successful" run_id=a3fab651-e786-4a2b-873e-5d3b5493f97a status=pass target=region1.v2.argotunnel.com
2026-09-01T10:11:07Z INF precheck component="TCP Connectivity" details="HTTP/2 connection successful" run_id=a3fab651-e786-4a2b-873e-5d3b5493f97a status=pass target=region2.v2.argotunnel.com
2026-09-01T10:11:07Z INF precheck component="Cloudflare API" details="API is reachable" run_id=a3fab651-e786-4a2b-873e-5d3b5493f97a status=pass target=api.cloudflare.com:443
2026-09-01T10:11:07Z INF precheck complete hard_fail=false run_id=a3fab651-e786-4a2b-873e-5d3b5493f97a suggested_protocol=quic
2026-09-01T10:11:07Z INF Registered tunnel connection connIndex=0 connection=ede1a2dd-f554-4359-babf-aa91f276d083 event=0 ip=198.41.200.233 location=sin02 protocol=quic
2026-09-01T13:17:30Z INF Initiating graceful shutdown due to signal terminated ...
2026-09-01T13:17:30Z ERR failed to run the datagram handler error="context canceled" connIndex=0 event=0 ip=198.41.200.233
2026-09-01T13:17:30Z ERR failed to serve tunnel connection error="accept stream listener encountered a failure while serving" connIndex=0 event=0 ip=198.41.200.233
2026-09-01T13:17:30Z ERR Serve tunnel error error="accept stream listener encountered a failure while serving" connIndex=0 event=0 ip=198.41.200.233
2026-09-01T13:17:30Z INF Retrying connection in up to 1s connIndex=0 event=0 ip=198.41.200.233
2026-09-01T13:17:30Z ERR Connection terminated connIndex=0
2026-09-01T13:17:30Z ERR no more connections active and exiting
2026-09-01T13:17:30Z INF Tunnel server stopped
2026-09-01T13:17:30Z INF Metrics server stopped
